

   [1;36mL33TEST[0m
[1;37m   PEOPLE                                                 WHO'S HERE / WHO WAS[0m
[0;36m   ----------------------------------------------------------------------[0m

[0;36m   AROUND THE BOARD[0m



[0;36m   CONNECT[0m







[0;36m   ----------------------------------------------------------------------[0m





