[0;36m   [1;36mL33TEST[0;36m[0m
[1;37m   CROSSROADS                                GAMES / WORLDS / PEOPLE[0m
[0;36m   ------------------------------------------------------------------------[0m
[0;36m[0m
[0;36m[0m
[0;36m[0m
[0;36m[0m
[0;36m   DESTINATIONS                           |  LOOKING AT[0m
[0;36m                                          |[0m
[0;36m                                          |[0m
[0;36m                                          |[0m
[0;36m                                          |[0m
[0;36m                                          |[0m
[0;36m                                          |[0m
[0;36m                                          |[0m
[0;36m                                          |[0m
[0;36m                                          |[0m
[0;36m                                          |[0m
[0;36m                                          |[0m
[0;36m                                          |[0m
[0;36m[0m
[0;36m   ------------------------------------------------------------------------[0m
[0;36m[0m
[0;36m[0m
