[0;36m  +--------------------------------------------------------------------------+[0m
[0;36m  |  [1;36mL33TEST[0;36m                                      TERMINAL / FRONT DOOR      |[0m
[0;36m  |  Games, networks, and people.                                            |[0m
[0;36m  + DESTINATIONS ------------------------------------------------------------+[0m
[0;36m  |                                                                          |[0m
[0;36m  |                                                                          |[0m
[0;36m  |                                                                          |[0m
[0;36m  |                                                                          |[0m
[0;36m  |                                                                          |[0m
[0;36m  |                                                                          |[0m
[0;36m  |                                                                          |[0m
[0;36m  |                                                                          |[0m
[0;36m  |                                                                          |[0m
[0;36m  |                                                                          |[0m
[0;36m  |                                                                          |[0m
[0;36m  |                                                                          |[0m
[0;36m  + SELECTED ----------------------------------------------------------------+[0m
[0;36m  |                                                                          |[0m
[0;36m  |                                                                          |[0m
[0;36m  + AROUND THE BOARD --------------------------------------------------------+[0m
[0;36m  |                                                                          |[0m
[0;36m  |                                                                          |[0m
[0;36m  + NAVIGATION --------------------------------------------------------------+[0m
[0;36m  |                                                                          |[0m
